06:47:35 Uid:	2000	2000	2000	2000 Gid:	2000	2000	2000	2000 
06:47:37 Uid:	2000	2000	2000	2000 Gid:	2000	2000	2000	2000 
06:47:40 Uid:	2000	2000	2000	2000 Gid:	2000	2000	2000	2000 
06:47:43 Uid:	2000	2000	2000	2000 Gid:	2000	2000	2000	2000 
06:47:45 Uid:	2000	2000	2000	2000 Gid:	2000	2000	2000	2000 
06:47:47 Uid:	2000	2000	2000	2000 Gid:	2000	2000	2000	2000 
06:47:50 Uid:	2000	2000	2000	2000 Gid:	2000	2000	2000	2000 
06:47:52 Uid:	2000	2000	2000	2000 Gid:	2000	2000	2000	2000 
06:47:55 Uid:	2000	2000	2000	2000 Gid:	2000	2000	2000	2000 
06:47:58 Uid:	2000	2000	2000	2000 Gid:	2000	2000	2000	2000 
06:48:01 Uid:	2000	2000	2000	2000 Gid:	2000	2000	2000	2000 
06:48:04 Uid:	2000	2000	2000	2000 Gid:	2000	2000	2000	2000 
06:48:07 Uid:	2000	2000	2000	2000 Gid:	2000	2000	2000	2000 
06:48:10 Uid:	2000	2000	2000	2000 Gid:	2000	2000	2000	2000 
06:48:13 Uid:	2000	2000	2000	2000 Gid:	2000	2000	2000	2000 
06:48:16 Uid:	2000	2000	2000	2000 Gid:	2000	2000	2000	2000 
06:48:19 Uid:	2000	2000	2000	2000 Gid:	2000	2000	2000	2000 
06:48:22 Uid:	2000	2000	2000	2000 Gid:	2000	2000	2000	2000 
06:48:25 Uid:	2000	2000	2000	2000 Gid:	2000	2000	2000	2000 
06:48:28 Uid:	2000	2000	2000	2000 Gid:	2000	2000	2000	2000 
06:48:30 Uid:	2000	2000	2000	2000 Gid:	2000	2000	2000	2000 
06:48:33 Uid:	2000	2000	2000	2000 Gid:	2000	2000	2000	2000 
06:48:35 Uid:	2000	2000	2000	2000 Gid:	2000	2000	2000	2000 
06:48:38 Uid:	2000	2000	2000	2000 Gid:	2000	2000	2000	2000 
06:48:40 Uid:	2000	2000	2000	2000 Gid:	2000	2000	2000	2000 
06:48:43 Uid:	2000	2000	2000	2000 Gid:	2000	2000	2000	2000 
06:48:45 Uid:	2000	2000	2000	2000 Gid:	2000	2000	2000	2000 
06:48:48 Uid:	2000	2000	2000	2000 Gid:	2000	2000	2000	2000 
06:48:51 Uid:	2000	2000	2000	2000 Gid:	2000	2000	2000	2000 
06:48:53 Uid:	2000	2000	2000	2000 Gid:	2000	2000	2000	2000 
06:48:56 Uid:	2000	2000	2000	2000 Gid:	2000	2000	2000	2000 
06:48:59 Uid:	2000	2000	2000	2000 Gid:	2000	2000	2000	2000 
06:49:01 Uid:	2000	2000	2000	2000 Gid:	2000	2000	2000	2000 
06:49:04 Uid:	2000	2000	2000	2000 Gid:	2000	2000	2000	2000 
06:49:08 Uid:	2000	2000	2000	2000 Gid:	2000	2000	2000	2000 
06:49:11 Uid:	2000	2000	2000	2000 Gid:	2000	2000	2000	2000 
06:49:14 Uid:	2000	2000	2000	2000 Gid:	2000	2000	2000	2000 
06:49:17 Uid:	2000	2000	2000	2000 Gid:	2000	2000	2000	2000 
06:49:20 Uid:	2000	2000	2000	2000 Gid:	2000	2000	2000	2000 
06:49:22 Uid:	2000	2000	2000	2000 Gid:	2000	2000	2000	2000 
06:49:25 Uid:	2000	2000	2000	2000 Gid:	2000	2000	2000	2000 
06:49:29 Uid:	2000	2000	2000	2000 Gid:	2000	2000	2000	2000 
06:49:32 Uid:	2000	2000	2000	2000 Gid:	2000	2000	2000	2000 
06:49:34 Uid:	2000	2000	2000	2000 Gid:	2000	2000	2000	2000 
06:49:38 Uid:	2000	2000	2000	2000 Gid:	2000	2000	2000	2000 
06:49:41 Uid:	2000	2000	2000	2000 Gid:	2000	2000	2000	2000 
06:49:44 Uid:	2000	2000	2000	2000 Gid:	2000	2000	2000	2000 
06:49:47 Uid:	2000	2000	2000	2000 Gid:	2000	2000	2000	2000 
06:49:50 Uid:	2000	2000	2000	2000 Gid:	2000	2000	2000	2000 
06:49:52 Uid:	2000	2000	2000	2000 Gid:	2000	2000	2000	2000 
06:49:56 Uid:	2000	2000	2000	2000 Gid:	2000	2000	2000	2000 
06:49:59 Uid:	2000	2000	2000	2000 Gid:	2000	2000	2000	2000 
06:50:02 Uid:	2000	2000	2000	2000 Gid:	2000	2000	2000	2000 
06:50:05 Uid:	2000	2000	2000	2000 Gid:	2000	2000	2000	2000 
06:50:08 Uid:	2000	2000	2000	2000 Gid:	2000	2000	2000	2000 
06:50:11 Uid:	2000	2000	2000	2000 Gid:	2000	2000	2000	2000 
06:50:14 Uid:	2000	2000	2000	2000 Gid:	2000	2000	2000	2000 
06:50:17 Uid:	2000	2000	2000	2000 Gid:	2000	2000	2000	2000 
06:50:21 Uid:	2000	2000	2000	2000 Gid:	2000	2000	2000	2000 
06:50:24 Uid:	2000	2000	2000	2000 Gid:	2000	2000	2000	2000 
06:50:26 Uid:	2000	2000	2000	2000 Gid:	2000	2000	2000	2000 
06:50:29 Uid:	2000	2000	2000	2000 Gid:	2000	2000	2000	2000 
06:50:33 Uid:	2000	2000	2000	2000 Gid:	2000	2000	2000	2000 
06:50:41 Uid:	2000	2000	2000	2000 Gid:	2000	2000	2000	2000 
06:50:47 Uid:	2000	2000	2000	2000 Gid:	2000	2000	2000	2000 
06:50:51 Uid:	2000	2000	2000	2000 Gid:	2000	2000	2000	2000 
06:50:54 Uid:	2000	2000	2000	2000 Gid:	2000	2000	2000	2000 
06:50:57 Uid:	2000	2000	2000	2000 Gid:	2000	2000	2000	2000 
06:51:00 Uid:	2000	2000	2000	2000 Gid:	2000	2000	2000	2000 
06:51:02 Uid:	2000	2000	2000	2000 Gid:	2000	2000	2000	2000 
06:51:05 Uid:	2000	2000	2000	2000 Gid:	2000	2000	2000	2000 
06:51:08 Uid:	2000	2000	2000	2000 Gid:	2000	2000	2000	2000 
06:51:11 Uid:	2000	2000	2000	2000 Gid:	2000	2000	2000	2000 
06:51:14 Uid:	2000	2000	2000	2000 Gid:	2000	2000	2000	2000 
06:51:17 Uid:	2000	2000	2000	2000 Gid:	2000	2000	2000	2000 
06:51:21 Uid:	2000	2000	2000	2000 Gid:	2000	2000	2000	2000 
06:51:23 Uid:	2000	2000	2000	2000 Gid:	2000	2000	2000	2000 
06:51:26 Uid:	2000	2000	2000	2000 Gid:	2000	2000	2000	2000 
06:51:29 Uid:	2000	2000	2000	2000 Gid:	2000	2000	2000	2000 
06:51:33 Uid:	2000	2000	2000	2000 Gid:	2000	2000	2000	2000 
06:51:36 Uid:	2000	2000	2000	2000 Gid:	2000	2000	2000	2000 
06:51:39 Uid:	2000	2000	2000	2000 Gid:	2000	2000	2000	2000 
06:51:41 Uid:	2000	2000	2000	2000 Gid:	2000	2000	2000	2000 
06:51:44 Uid:	2000	2000	2000	2000 Gid:	2000	2000	2000	2000 
06:51:47 Uid:	2000	2000	2000	2000 Gid:	2000	2000	2000	2000 
06:51:49 Uid:	2000	2000	2000	2000 Gid:	2000	2000	2000	2000 
06:51:52 Uid:	2000	2000	2000	2000 Gid:	2000	2000	2000	2000 
06:51:55 Uid:	2000	2000	2000	2000 Gid:	2000	2000	2000	2000 
06:51:58 Uid:	2000	2000	2000	2000 Gid:	2000	2000	2000	2000 
06:52:01 Uid:	2000	2000	2000	2000 Gid:	2000	2000	2000	2000 
06:52:03 Uid:	2000	2000	2000	2000 Gid:	2000	2000	2000	2000 
06:52:06 Uid:	2000	2000	2000	2000 Gid:	2000	2000	2000	2000 
06:52:10 Uid:	2000	2000	2000	2000 Gid:	2000	2000	2000	2000 
06:52:12 Uid:	2000	2000	2000	2000 Gid:	2000	2000	2000	2000 
06:52:14 Uid:	2000	2000	2000	2000 Gid:	2000	2000	2000	2000 
06:52:18 Uid:	2000	2000	2000	2000 Gid:	2000	2000	2000	2000 
06:52:21 Uid:	2000	2000	2000	2000 Gid:	2000	2000	2000	2000 
06:52:23 Uid:	2000	2000	2000	2000 Gid:	2000	2000	2000	2000 
06:52:26 Uid:	2000	2000	2000	2000 Gid:	2000	2000	2000	2000 
06:52:29 Uid:	2000	2000	2000	2000 Gid:	2000	2000	2000	2000 
06:52:32 Uid:	2000	2000	2000	2000 Gid:	2000	2000	2000	2000 
06:52:35 Uid:	2000	2000	2000	2000 Gid:	2000	2000	2000	2000 
06:52:37 Uid:	2000	2000	2000	2000 Gid:	2000	2000	2000	2000 
06:52:40 Uid:	2000	2000	2000	2000 Gid:	2000	2000	2000	2000 
06:52:43 Uid:	2000	2000	2000	2000 Gid:	2000	2000	2000	2000 
06:52:46 Uid:	2000	2000	2000	2000 Gid:	2000	2000	2000	2000 
06:52:49 Uid:	2000	2000	2000	2000 Gid:	2000	2000	2000	2000 
06:52:52 Uid:	2000	2000	2000	2000 Gid:	2000	2000	2000	2000 
06:52:55 Uid:	2000	2000	2000	2000 Gid:	2000	2000	2000	2000 
06:52:58 Uid:	2000	2000	2000	2000 Gid:	2000	2000	2000	2000 
06:53:00 Uid:	2000	2000	2000	2000 Gid:	2000	2000	2000	2000 
06:53:02 Uid:	2000	2000	2000	2000 Gid:	2000	2000	2000	2000 
06:53:06 Uid:	2000	2000	2000	2000 Gid:	2000	2000	2000	2000 
06:53:09 Uid:	2000	2000	2000	2000 Gid:	2000	2000	2000	2000 
06:53:11 Uid:	2000	2000	2000	2000 Gid:	2000	2000	2000	2000 
06:53:13 Uid:	2000	2000	2000	2000 Gid:	2000	2000	2000	2000 
06:53:16 Uid:	2000	2000	2000	2000 Gid:	2000	2000	2000	2000 
06:53:20 Uid:	2000	2000	2000	2000 Gid:	2000	2000	2000	2000 
06:53:23 Uid:	2000	2000	2000	2000 Gid:	2000	2000	2000	2000 
06:53:25 Uid:	2000	2000	2000	2000 Gid:	2000	2000	2000	2000 
06:53:28 Uid:	2000	2000	2000	2000 Gid:	2000	2000	2000	2000 
06:53:31 Uid:	2000	2000	2000	2000 Gid:	2000	2000	2000	2000 
06:53:34 Uid:	2000	2000	2000	2000 Gid:	2000	2000	2000	2000 
06:53:37 Uid:	2000	2000	2000	2000 Gid:	2000	2000	2000	2000 
06:53:39 Uid:	2000	2000	2000	2000 Gid:	2000	2000	2000	2000 
06:53:42 Uid:	2000	2000	2000	2000 Gid:	2000	2000	2000	2000 
06:53:45 Uid:	2000	2000	2000	2000 Gid:	2000	2000	2000	2000 
06:53:47 Uid:	2000	2000	2000	2000 Gid:	2000	2000	2000	2000 
06:53:50 Uid:	2000	2000	2000	2000 Gid:	2000	2000	2000	2000 
06:53:53 Uid:	2000	2000	2000	2000 Gid:	2000	2000	2000	2000 
06:53:56 Uid:	2000	2000	2000	2000 Gid:	2000	2000	2000	2000 
06:53:59 Uid:	2000	2000	2000	2000 Gid:	2000	2000	2000	2000 
06:54:02 Uid:	2000	2000	2000	2000 Gid:	2000	2000	2000	2000 
06:54:05 Uid:	2000	2000	2000	2000 Gid:	2000	2000	2000	2000 
06:54:08 Uid:	2000	2000	2000	2000 Gid:	2000	2000	2000	2000 
06:54:10 Uid:	2000	2000	2000	2000 Gid:	2000	2000	2000	2000 
06:54:12 Uid:	2000	2000	2000	2000 Gid:	2000	2000	2000	2000 
06:54:17 Uid:	2000	2000	2000	2000 Gid:	2000	2000	2000	2000 
06:54:21 Uid:	2000	2000	2000	2000 Gid:	2000	2000	2000	2000 
06:54:24 Uid:	2000	2000	2000	2000 Gid:	2000	2000	2000	2000 
06:54:27 Uid:	2000	2000	2000	2000 Gid:	2000	2000	2000	2000 
06:54:29 Uid:	2000	2000	2000	2000 Gid:	2000	2000	2000	2000 
06:54:33 Uid:	2000	2000	2000	2000 Gid:	2000	2000	2000	2000 
06:54:36 Uid:	2000	2000	2000	2000 Gid:	2000	2000	2000	2000 
06:54:39 Uid:	2000	2000	2000	2000 Gid:	2000	2000	2000	2000 
06:54:42 Uid:	2000	2000	2000	2000 Gid:	2000	2000	2000	2000 
06:54:45 Uid:	2000	2000	2000	2000 Gid:	2000	2000	2000	2000 
